 El volumen de la unidad C es Windows
 El n£mero de serie del volumen es: 24D0-7BC3

 Directorio de C:\Users\ellanper\OneDrive - NTT DATA EMEAL\Escritorio\Formaci¢n\proyecto-sabores\frontend\node_modules\.bin

04/05/2026  12:18    <DIR>          .
04/05/2026  12:18    <DIR>          ..
04/05/2026  12:18               379 acorn
04/05/2026  12:18               320 acorn.cmd
04/05/2026  12:18               785 acorn.ps1
04/05/2026  12:18               415 ansi-html
04/05/2026  12:18               338 ansi-html.cmd
04/05/2026  12:18               857 ansi-html.ps1
04/05/2026  12:18               407 autoprefixer
04/05/2026  12:18               334 autoprefixer.cmd
04/05/2026  12:18               841 autoprefixer.ps1
04/05/2026  12:18               423 baseline-browser-mapping
04/05/2026  12:18               342 baseline-browser-mapping.cmd
04/05/2026  12:18               873 baseline-browser-mapping.ps1
04/05/2026  12:18               387 browserslist
04/05/2026  12:18               324 browserslist.cmd
04/05/2026  12:18               801 browserslist.ps1
04/05/2026  12:18               383 cssesc
04/05/2026  12:18               322 cssesc.cmd
04/05/2026  12:18               793 cssesc.ps1
04/05/2026  12:18               409 download-lmdb-prebuilds
04/05/2026  12:18               335 download-lmdb-prebuilds.cmd
04/05/2026  12:18               845 download-lmdb-prebuilds.ps1
04/05/2026  12:18               433 download-msgpackr-prebuilds
04/05/2026  12:18               347 download-msgpackr-prebuilds.cmd
04/05/2026  12:18               893 download-msgpackr-prebuilds.ps1
04/05/2026  12:18               373 errno
04/05/2026  12:18               317 errno.cmd
04/05/2026  12:18               773 errno.ps1
04/05/2026  12:18               387 esbuild
04/05/2026  12:18               324 esbuild.cmd
04/05/2026  12:18               801 esbuild.ps1
04/05/2026  12:18               371 flat
04/05/2026  12:18               316 flat.cmd
04/05/2026  12:18               769 flat.ps1
04/05/2026  12:18               405 image-size
04/05/2026  12:18               333 image-size.cmd
04/05/2026  12:18               837 image-size.ps1
04/05/2026  12:18               443 installed-package-contents
04/05/2026  12:18               352 installed-package-contents.cmd
04/05/2026  12:18               913 installed-package-contents.ps1
04/05/2026  12:18               381 is-docker
04/05/2026  12:18               321 is-docker.cmd
04/05/2026  12:18               789 is-docker.ps1
04/05/2026  12:18               401 is-inside-container
04/05/2026  12:18               331 is-inside-container.cmd
04/05/2026  12:18               829 is-inside-container.ps1
04/05/2026  12:18               381 jiti
04/05/2026  12:18               321 jiti.cmd
04/05/2026  12:18               789 jiti.ps1
04/05/2026  12:18               393 js-yaml
04/05/2026  12:18               327 js-yaml.cmd
04/05/2026  12:18               813 js-yaml.ps1
04/05/2026  12:18               379 jsesc
04/05/2026  12:18               320 jsesc.cmd
04/05/2026  12:18               785 jsesc.ps1
04/05/2026  12:18               381 json5
04/05/2026  12:18               321 json5.cmd
04/05/2026  12:18               789 json5.ps1
04/05/2026  12:18               371 mime
04/05/2026  12:18               316 mime.cmd
04/05/2026  12:18               769 mime.ps1
04/05/2026  12:18               383 mkdirp
04/05/2026  12:18               322 mkdirp.cmd
04/05/2026  12:18               793 mkdirp.ps1
04/05/2026  12:18               389 multicast-dns
04/05/2026  12:18               325 multicast-dns.cmd
04/05/2026  12:18               805 multicast-dns.ps1
04/05/2026  12:18               391 nanoid
04/05/2026  12:18               326 nanoid.cmd
04/05/2026  12:18               809 nanoid.ps1
04/05/2026  12:18               383 needle
04/05/2026  12:18               322 needle.cmd
04/05/2026  12:18               793 needle.ps1
04/05/2026  12:18               397 node-gyp
04/05/2026  12:18               427 node-gyp-build-optional-packages
04/05/2026  12:18               437 node-gyp-build-optional-packages-optional
04/05/2026  12:18               349 node-gyp-build-optional-packages-optional.cmd
04/05/2026  12:18               901 node-gyp-build-optional-packages-optional.ps1
04/05/2026  12:18               441 node-gyp-build-optional-packages-test
04/05/2026  12:18               351 node-gyp-build-optional-packages-test.cmd
04/05/2026  12:18               909 node-gyp-build-optional-packages-test.ps1
04/05/2026  12:18               344 node-gyp-build-optional-packages.cmd
04/05/2026  12:18               881 node-gyp-build-optional-packages.ps1
04/05/2026  12:18               329 node-gyp.cmd
04/05/2026  12:18               821 node-gyp.ps1
04/05/2026  12:18               381 nopt
04/05/2026  12:18               321 nopt.cmd
04/05/2026  12:18               789 nopt.ps1
04/05/2026  12:18               387 pacote
04/05/2026  12:18               324 pacote.cmd
04/05/2026  12:18               801 pacote.ps1
04/05/2026  12:18               415 parser
04/05/2026  12:18               338 parser.cmd
04/05/2026  12:18               857 parser.ps1
04/05/2026  12:18               393 regjsparser
04/05/2026  12:18               327 regjsparser.cmd
04/05/2026  12:18               813 regjsparser.ps1
04/05/2026  12:18               387 resolve
04/05/2026  12:18               324 resolve.cmd
04/05/2026  12:18               801 resolve.ps1
04/05/2026  12:18               375 rimraf
04/05/2026  12:18               318 rimraf.cmd
04/05/2026  12:18               777 rimraf.ps1
04/05/2026  12:18               393 rollup
04/05/2026  12:18               327 rollup.cmd
04/05/2026  12:18               813 rollup.ps1
04/05/2026  12:18               373 sass
04/05/2026  12:18               317 sass.cmd
04/05/2026  12:18               773 sass.ps1
04/05/2026  12:18               389 semver
04/05/2026  12:18               325 semver.cmd
04/05/2026  12:18               805 semver.ps1
04/05/2026  12:18               383 terser
04/05/2026  12:18               322 terser.cmd
04/05/2026  12:18               793 terser.ps1
04/05/2026  12:18               381 tree-kill
04/05/2026  12:18               321 tree-kill.cmd
04/05/2026  12:18               789 tree-kill.ps1
04/05/2026  12:18               401 ua-parser-js
04/05/2026  12:18               331 ua-parser-js.cmd
04/05/2026  12:18               829 ua-parser-js.ps1
04/05/2026  12:18               407 update-browserslist-db
04/05/2026  12:18               334 update-browserslist-db.cmd
04/05/2026  12:18               841 update-browserslist-db.ps1
04/05/2026  12:18               385 uuid
04/05/2026  12:18               323 uuid.cmd
04/05/2026  12:18               797 uuid.ps1
04/05/2026  12:18               381 vite
04/05/2026  12:18               321 vite.cmd
04/05/2026  12:18               789 vite.ps1
04/05/2026  12:18               393 webpack
04/05/2026  12:18               437 webpack-dev-server
04/05/2026  12:18               349 webpack-dev-server.cmd
04/05/2026  12:18               901 webpack-dev-server.ps1
04/05/2026  12:18               327 webpack.cmd
04/05/2026  12:18               813 webpack.ps1
04/05/2026  12:18               379 which
04/05/2026  12:18               320 which.cmd
04/05/2026  12:18               785 which.ps1
             138 archivos         70.910 bytes
               2 dirs  148.380.831.744 bytes libres
