[33m❯[39m Building...

  polyfills-5CFQRCPP.js  33.8kb

Done in 953ms

  main-K5AFWURL.js  238.8kb

Done in 22627ms
[32m✔[39m Building...
Application bundle generation failed. [24.095 seconds]

[1m[33m[33m▲ [43;33m[[43;30mWARNING[43;33m][0m [1mDeprecation[0m [1m[35m[plugin angular-sass][0m

    src/styles.scss:2:8:
[37m      2 │ @import [32m[37m"bootstrap/scss/bootstrap";
        ╵         [32m^[0m


  Sass @import rules are deprecated and will be removed in Dart Sass 3.0.0.
  
  More info and automated migrator: [4mhttps://sass-lang.com/d/import[0m

  The plugin "angular-sass" was triggered by this import

    angular:styles/global:styles:1:8:
[37m      1 │ @import [32m'src/styles.scss'[37m;
        ╵         [32m~~~~~~~~~~~~~~~~~[0m

[39m[22m
[1m[31m[31mX [41;31m[[41;97mERROR[41;31m][0m [1mCan't find stylesheet to import.
  ╷
2 │ @import "bootstrap/scss/bootstrap";
  │         ^^^^^^^^^^^^^^^^^^^^^^^^^^
  ╵
  src\styles.scss 2:9  root stylesheet[0m [1m[35m[plugin angular-sass][0m

    angular:styles/global:styles:1:8:
[37m      1 │ @import [32m'src/styles.scss'[37m;
        ╵         [32m~~~~~~~~~~~~~~~~~[0m

[39m[22m
