[32mCREATE[39m frontend/angular.json (3122 bytes)
[32mCREATE[39m frontend/package.json (1038 bytes)
[32mCREATE[39m frontend/README.md (1530 bytes)
[32mCREATE[39m frontend/tsconfig.json (942 bytes)
[32mCREATE[39m frontend/.editorconfig (331 bytes)
[32mCREATE[39m frontend/.gitignore (629 bytes)
[32mCREATE[39m frontend/tsconfig.app.json (439 bytes)
[32mCREATE[39m frontend/tsconfig.spec.json (449 bytes)
[32mCREATE[39m frontend/.vscode/extensions.json (134 bytes)
[32mCREATE[39m frontend/.vscode/launch.json (490 bytes)
[32mCREATE[39m frontend/.vscode/tasks.json (980 bytes)
[32mCREATE[39m frontend/src/main.ts (255 bytes)
[32mCREATE[39m frontend/src/index.html (307 bytes)
[32mCREATE[39m frontend/src/styles.scss (81 bytes)
[32mCREATE[39m frontend/src/app/app-routing.module.ts (255 bytes)
[32mCREATE[39m frontend/src/app/app.module.ts (411 bytes)
[32mCREATE[39m frontend/src/app/app.component.html (20239 bytes)
[32mCREATE[39m frontend/src/app/app.component.spec.ts (1084 bytes)
[32mCREATE[39m frontend/src/app/app.component.ts (242 bytes)
[32mCREATE[39m frontend/src/app/app.component.scss (0 bytes)
[32mCREATE[39m frontend/public/favicon.ico (15086 bytes)
